// Jest Snapshot v1, https://goo.gl/fbAQLP

exports[`renders correctly 1`] = `
<div
  className="modal fade"
  id={1}
  role="dialog"
  tabIndex="-1"
>
  <div
    className="modal-dialog"
    role="document"
  >
    <div
      className="modal-content"
    >
      <div
        className="modal-header"
      >
        <h5
          className="modal-title"
          id="exampleModalLabel"
        />
        <button
          aria-label="Close"
          className="close"
          data-dismiss="modal"
          type="button"
        >
          <span
            aria-hidden="true"
          >
            Ã—
          </span>
        </button>
      </div>
      <div
        className="modal-body"
      >
        <label
          htmlFor="tiltle"
        >
          Title
        </label>
        <div
          className="input-group"
          onChange={[Function]}
        >
          <input
            className="form-control"
            id="tiltle"
            name="title"
            onChange={[Function]}
            type="text"
            value="Test Bucket"
          />
        </div>
        <br />
        <label
          htmlFor="description"
        >
          Description
        </label>
        <div
          className="input-group"
        >
          <textarea
            className="form-control"
            id="description"
            name="description"
            onChange={[Function]}
            type="text"
            value="This is a test bucket"
          />
        </div>
      </div>
      <div
        className="modal-footer"
      >
        <button
          className="btn btn-secondary"
          data-dismiss="modal"
          type="button"
        >
          Cancel
        </button>
        <button
          className="btn btn-primary"
          data-dismiss="modal"
          onClick={[Function]}
          type="button"
        />
      </div>
    </div>
  </div>
</div>
`;
