// Jest Snapshot v1, https://goo.gl/fbAQLP

exports[`renders correctly 1`] = `
<div
  className="mt-5 text-cool-blue logo-spacing pb-2 text-center"
>
  <span
    className="fa fa-5x fa-bitbucket"
  />
  <br />
  <h4
    className="logo mb-2 mt-4"
  >
    <b>
      BUCKETLISTS
    </b>
  </h4>
</div>
`;
