// Jest Snapshot v1, https://goo.gl/fbAQLP

exports[`renders correctly 1`] = `
<div
  className=""
>
  <div
    className="row"
  >
    <div
      className="col-md-4"
    >
      <a
        className="navbar-brand logo text-white"
        href=""
        onClick={[Function]}
      >
        <h3>
          <span
            className="fa fa-lg fa-bitbucket mr-3 ml-3"
          />
          |   Bucketlists
        </h3>
      </a>
    </div>
    <div
      className="col-md-4 text-center"
    >
      <input
        className="form-control mr-sm-2 search-box"
        onKeyDown={[Function]}
        placeholder="Search e.g b:the bucket title or i:the item title"
        type="text"
      />
    </div>
    <div
      className="col-md-4 text-right"
    >
      <div
        className="dropdown logout-dropdown"
      >
        <div
          className="fa fa-user-circle fa-lg text-white dropdown-toggle"
          data-toggle="dropdown"
          id="dropdownMenuLink"
        >
           
          <span
            className="logo"
          >
            <b>
               
               
            </b>
          </span>
        </div>
        <div
          aria-labelledby="dropdownMenuLink"
          className="dropdown-menu dropdown-cust"
        >
          <a
            className="dropdown-item"
            href=""
            onClick={[Function]}
          >
            Logout
          </a>
        </div>
      </div>
    </div>
  </div>
</div>
`;
